Backend running on http://localhost:4000
[0mGET / [33m404[0m 7.630 ms - 29[0m
[0mGET /api [33m404[0m 1.129 ms - 29[0m
[0mGET /health [33m404[0m 0.681 ms - 29[0m
[0mGET /api/auth/me [33m401[0m 3.983 ms - 26[0m
[0mPOST /api/auth/sso [32m200[0m 96.864 ms - 771[0m
[0mGET /api/profile/me [36m304[0m 24.263 ms - -[0m
[0mGET /api/problems [36m304[0m 33.050 ms - -[0m
[0mGET /api/auth/me [36m304[0m 4.198 ms - -[0m
[0mGET /api/profile/me [36m304[0m 12.504 ms - -[0m
[0mGET /api/problems [36m304[0m 13.832 ms - -[0m
[0mGET /api/problems [36m304[0m 13.602 ms - -[0m
[0mGET /api/problems [36m304[0m 15.797 ms - -[0m
[0mPOST /api/auth/sso [32m200[0m 41.631 ms - 693[0m
[0mGET /api/profile/me [32m200[0m 14.207 ms - 1071[0m
[0mGET /api/problems [32m200[0m 20.892 ms - 54463[0m
[0mPOST /api/auth/sso [32m200[0m 23.808 ms - 693[0m
[0mGET /api/profile/me [36m304[0m 41.922 ms - -[0m
[0mGET /api/problems [36m304[0m 14.826 ms - -[0m
1:10:17 pm [tsx] unlink in ./src\utils\password.ts Restarting...
cBackend running on http://localhost:4000
[0mGET /api/auth/me [33m401[0m 29.736 ms - 26[0m
[0mPOST /api/auth/sso [32m200[0m 254.545 ms - 771[0m
[0mGET /api/profile/me [32m200[0m 70.747 ms - 1149[0m
[0mGET /api/problems [32m200[0m 32.473 ms - 54460[0m
2:10:35 pm [tsx] change in ./src\routes\submissionRoutes.ts Restarting...
c2:10:38 pm [tsx] change in ./src\routes\index.ts Restarting...
c2:10:41 pm [tsx] change in ./src\config\env.ts Restarting...
c2:10:46 pm [tsx] change in ./src\routes\profileRoutes.ts Restarting...
c2:10:47 pm [tsx] change in ./src\routes\journeyRoutes.ts Restarting...
c2:10:51 pm [tsx] change in ./src\middleware\error.ts Restarting...
cBackend running on http://localhost:4000
[0mHEAD / [33m404[0m 86.253 ms - 29[0m
[0mHEAD / [33m404[0m 10.111 ms - 29[0m
