2026-04-25T13:48:10: C:\PROGRAM FILES\NODEJS\NPM.CMD:1
2026-04-25T13:48:10: :: Created by npm, please don't edit manually.
2026-04-25T13:48:10: ^
2026-04-25T13:48:10: 
2026-04-25T13:48:10: SyntaxError: Unexpected token ':'
2026-04-25T13:48:10:     at wrapSafe (node:internal/modules/cjs/loader:1735:18)
2026-04-25T13:48:10:     at Module._compile (node:internal/modules/cjs/loader:1778:20)
2026-04-25T13:48:10:     at Object..js (node:internal/modules/cjs/loader:1936:10)
2026-04-25T13:48:10:     at Module.load (node:internal/modules/cjs/loader:1525:32)
2026-04-25T13:48:10:     at Module._load (node:internal/modules/cjs/loader:1327:12)
2026-04-25T13:48:10:     at TracingChannel.traceSync (node:diagnostics_channel:328:14)
2026-04-25T13:48:10:     at wrapModuleLoad (node:internal/modules/cjs/loader:245:24)
2026-04-25T13:48:10:     at Module.executeUserEntryPoint [as runMain] (node:internal/modules/run_main:154:5)
2026-04-25T13:48:10:     at node:internal/main/run_main_module:33:47
2026-04-25T13:48:10: 
2026-04-25T13:48:10: Node.js v24.13.1
2026-04-25T13:48:11: C:\PROGRAM FILES\NODEJS\NPM.CMD:1
2026-04-25T13:48:11: :: Created by npm, please don't edit manually.
2026-04-25T13:48:11: ^
2026-04-25T13:48:11: 
2026-04-25T13:48:11: SyntaxError: Unexpected token ':'
2026-04-25T13:48:11:     at wrapSafe (node:internal/modules/cjs/loader:1735:18)
2026-04-25T13:48:11:     at Module._compile (node:internal/modules/cjs/loader:1778:20)
2026-04-25T13:48:11:     at Object..js (node:internal/modules/cjs/loader:1936:10)
2026-04-25T13:48:11:     at Module.load (node:internal/modules/cjs/loader:1525:32)
2026-04-25T13:48:11:     at Module._load (node:internal/modules/cjs/loader:1327:12)
2026-04-25T13:48:11:     at TracingChannel.traceSync (node:diagnostics_channel:328:14)
2026-04-25T13:48:11:     at wrapModuleLoad (node:internal/modules/cjs/loader:245:24)
2026-04-25T13:48:11:     at Module.executeUserEntryPoint [as runMain] (node:internal/modules/run_main:154:5)
2026-04-25T13:48:11:     at node:internal/main/run_main_module:33:47
2026-04-25T13:48:11: 
2026-04-25T13:48:11: Node.js v24.13.1
2026-04-25T13:48:11: C:\PROGRAM FILES\NODEJS\NPM.CMD:1
2026-04-25T13:48:11: :: Created by npm, please don't edit manually.
2026-04-25T13:48:11: ^
2026-04-25T13:48:11: 
2026-04-25T13:48:11: SyntaxError: Unexpected token ':'
2026-04-25T13:48:11:     at wrapSafe (node:internal/modules/cjs/loader:1735:18)
2026-04-25T13:48:11:     at Module._compile (node:internal/modules/cjs/loader:1778:20)
2026-04-25T13:48:11:     at Object..js (node:internal/modules/cjs/loader:1936:10)
2026-04-25T13:48:11:     at Module.load (node:internal/modules/cjs/loader:1525:32)
2026-04-25T13:48:11:     at Module._load (node:internal/modules/cjs/loader:1327:12)
2026-04-25T13:48:11:     at TracingChannel.traceSync (node:diagnostics_channel:328:14)
2026-04-25T13:48:11:     at wrapModuleLoad (node:internal/modules/cjs/loader:245:24)
2026-04-25T13:48:11:     at Module.executeUserEntryPoint [as runMain] (node:internal/modules/run_main:154:5)
2026-04-25T13:48:11:     at node:internal/main/run_main_module:33:47
2026-04-25T13:48:11: 
2026-04-25T13:48:11: Node.js v24.13.1
2026-04-25T13:48:11: C:\PROGRAM FILES\NODEJS\NPM.CMD:1
2026-04-25T13:48:11: :: Created by npm, please don't edit manually.
2026-04-25T13:48:11: ^
2026-04-25T13:48:11: 
2026-04-25T13:48:11: SyntaxError: Unexpected token ':'
2026-04-25T13:48:11:     at wrapSafe (node:internal/modules/cjs/loader:1735:18)
2026-04-25T13:48:11:     at Module._compile (node:internal/modules/cjs/loader:1778:20)
2026-04-25T13:48:11:     at Object..js (node:internal/modules/cjs/loader:1936:10)
2026-04-25T13:48:11:     at Module.load (node:internal/modules/cjs/loader:1525:32)
2026-04-25T13:48:11:     at Module._load (node:internal/modules/cjs/loader:1327:12)
2026-04-25T13:48:11:     at TracingChannel.traceSync (node:diagnostics_channel:328:14)
2026-04-25T13:48:11:     at wrapModuleLoad (node:internal/modules/cjs/loader:245:24)
2026-04-25T13:48:11:     at Module.executeUserEntryPoint [as runMain] (node:internal/modules/run_main:154:5)
2026-04-25T13:48:11:     at node:internal/main/run_main_module:33:47
2026-04-25T13:48:11: 
2026-04-25T13:48:11: Node.js v24.13.1
2026-04-25T13:48:12: C:\PROGRAM FILES\NODEJS\NPM.CMD:1
2026-04-25T13:48:12: :: Created by npm, please don't edit manually.
2026-04-25T13:48:12: ^
2026-04-25T13:48:12: 
2026-04-25T13:48:12: SyntaxError: Unexpected token ':'
2026-04-25T13:48:12:     at wrapSafe (node:internal/modules/cjs/loader:1735:18)
2026-04-25T13:48:12:     at Module._compile (node:internal/modules/cjs/loader:1778:20)
2026-04-25T13:48:12:     at Object..js (node:internal/modules/cjs/loader:1936:10)
2026-04-25T13:48:12:     at Module.load (node:internal/modules/cjs/loader:1525:32)
2026-04-25T13:48:12:     at Module._load (node:internal/modules/cjs/loader:1327:12)
2026-04-25T13:48:12:     at TracingChannel.traceSync (node:diagnostics_channel:328:14)
2026-04-25T13:48:12:     at wrapModuleLoad (node:internal/modules/cjs/loader:245:24)
2026-04-25T13:48:12:     at Module.executeUserEntryPoint [as runMain] (node:internal/modules/run_main:154:5)
2026-04-25T13:48:12:     at node:internal/main/run_main_module:33:47
2026-04-25T13:48:12: 
2026-04-25T13:48:12: Node.js v24.13.1
2026-04-25T13:48:12: C:\PROGRAM FILES\NODEJS\NPM.CMD:1
2026-04-25T13:48:12: :: Created by npm, please don't edit manually.
2026-04-25T13:48:12: ^
2026-04-25T13:48:12: 
2026-04-25T13:48:12: SyntaxError: Unexpected token ':'
2026-04-25T13:48:12:     at wrapSafe (node:internal/modules/cjs/loader:1735:18)
2026-04-25T13:48:12:     at Module._compile (node:internal/modules/cjs/loader:1778:20)
2026-04-25T13:48:12:     at Object..js (node:internal/modules/cjs/loader:1936:10)
2026-04-25T13:48:12:     at Module.load (node:internal/modules/cjs/loader:1525:32)
2026-04-25T13:48:12:     at Module._load (node:internal/modules/cjs/loader:1327:12)
2026-04-25T13:48:12:     at TracingChannel.traceSync (node:diagnostics_channel:328:14)
2026-04-25T13:48:12:     at wrapModuleLoad (node:internal/modules/cjs/loader:245:24)
2026-04-25T13:48:12:     at Module.executeUserEntryPoint [as runMain] (node:internal/modules/run_main:154:5)
2026-04-25T13:48:12:     at node:internal/main/run_main_module:33:47
2026-04-25T13:48:12: 
2026-04-25T13:48:12: Node.js v24.13.1
2026-04-25T14:02:41: ^C
2026-04-25T14:02:41: Terminate batch job (Y/N)? 
2026-04-25T14:34:00: 
2026-04-25T14:34:00:   [32m[1mVITE[22m v6.4.1[39m  [2mready in [0m[1m2128[22m[2m[0m ms[22m
2026-04-25T14:34:00: 
2026-04-25T14:34:00:   [32m➜[39m  [1mLocal[22m:   [36mhttp://localhost:[1m5173[22m/[39m
2026-04-25T14:34:00:   [32m➜[39m  [1mNetwork[22m: [36mhttp://192.168.1.3:[1m5173[22m/[39m
2026-04-26T23:25:34: [2m11:25:34 pm[22m [36m[1m[vite][22m[39m [90m[2m(client)[22m[39m Re-optimizing dependencies because vite config has changed
2026-04-26T23:25:35: 
2026-04-26T23:25:35:   [32m[1mVITE[22m v6.4.1[39m  [2mready in [0m[1m1744[22m[2m[0m ms[22m
2026-04-26T23:25:35: 
2026-04-26T23:25:35:   [32m➜[39m  [1mLocal[22m:   [36mhttp://localhost:[1m5173[22m/[39m
2026-04-26T23:25:35:   [32m➜[39m  [1mNetwork[22m: [36mhttp://192.168.1.6:[1m5173[22m/[39m
2026-04-26T23:48:26: [2m11:48:26 pm[22m [36m[1m[vite][22m[39m [90m[2m(client)[22m[39m [32mpage reload [39m[2msrc/main.js[22m
2026-04-26T23:53:11: 
2026-04-26T23:53:11:   [32m[1mVITE[22m v6.4.1[39m  [2mready in [0m[1m616[22m[2m[0m ms[22m
2026-04-26T23:53:11: 
2026-04-26T23:53:11:   [32m➜[39m  [1mLocal[22m:   [36mhttp://localhost:[1m5173[22m/[39m
2026-04-26T23:53:11:   [32m➜[39m  [1mNetwork[22m: [36mhttp://192.168.1.6:[1m5173[22m/[39m
2026-04-27T00:30:39: [2m12:30:39 am[22m [36m[1m[vite][22m[39m [90m[2m(client)[22m[39m [32mpage reload [39m[2msrc/main.js[22m
2026-04-27T09:58:06: 
2026-04-27T09:58:06:   [32m[1mVITE[22m v6.4.1[39m  [2mready in [0m[1m8355[22m[2m[0m ms[22m
2026-04-27T09:58:06: 
2026-04-27T09:58:06:   [32m➜[39m  [1mLocal[22m:   [36mhttp://localhost:[1m5173[22m/[39m
2026-04-27T09:58:06:   [32m➜[39m  [1mNetwork[22m: [36mhttp://192.168.1.6:[1m5173[22m/[39m
2026-04-27T11:54:22: 
2026-04-27T11:54:22:   [32m[1mVITE[22m v6.4.1[39m  [2mready in [0m[1m1011[22m[2m[0m ms[22m
2026-04-27T11:54:22: 
2026-04-27T11:54:22:   [32m➜[39m  [1mLocal[22m:   [36mhttp://localhost:[1m5173[22m/[39m
2026-04-27T11:54:22:   [32m➜[39m  [1mNetwork[22m: [36mhttp://192.168.1.6:[1m5173[22m/[39m
2026-04-27T12:26:34: 
2026-04-27T12:26:34:   [32m[1mVITE[22m v6.4.1[39m  [2mready in [0m[1m2754[22m[2m[0m ms[22m
2026-04-27T12:26:34: 
2026-04-27T12:26:34:   [32m➜[39m  [1mLocal[22m:   [36mhttp://localhost:[1m5173[22m/[39m
2026-04-27T12:26:34:   [32m➜[39m  [1mNetwork[22m: [36mhttp://192.168.1.6:[1m5173[22m/[39m
2026-04-27T19:45:13: [2m7:45:13 pm[22m [36m[1m[vite][22m[39m [32mvite.config.ts changed, restarting server...[39m
2026-04-27T19:45:13: [2m7:45:13 pm[22m [36m[1m[vite][22m[39m [32mvite.config.ts changed, restarting server...[39m
2026-04-27T19:45:14: [31mfailed to load config from C:\Users\Anmol\OneDrive\Desktop\B\coding-portal\frontend\vite.config.ts[39m
2026-04-27T19:45:14: [2m7:45:14 pm[22m [31m[1m[vite][22m[39m defineConfig is not defined
2026-04-27T19:45:14: [2m7:45:14 pm[22m [31m[1m[vite][22m[39m server restart failed
2026-04-27T19:46:27: [2m7:46:27 pm[22m [36m[1m[vite][22m[39m [32mvite.config.ts changed, restarting server...[39m
2026-04-27T19:46:27: X [ERROR] Expected ";" but found ":"
2026-04-27T19:46:27: 
2026-04-27T19:46:27:     vite.config.ts:6:8:
2026-04-27T19:46:27:       6 │     host: '0.0.0.0'
2026-04-27T19:46:27:         │         ^
2026-04-27T19:46:27:         ╵         ;
2026-04-27T19:46:27: 
2026-04-27T19:46:27: [31mfailed to load config from C:\Users\Anmol\OneDrive\Desktop\B\coding-portal\frontend\vite.config.ts[39m
2026-04-27T19:46:27: [2m7:46:27 pm[22m [31m[1m[vite][22m[39m Build failed with 1 error:
2026-04-27T19:46:27: vite.config.ts:6:8: ERROR: Expected ";" but found ":"
2026-04-27T19:46:27: [2m7:46:27 pm[22m [31m[1m[vite][22m[39m server restart failed
2026-04-27T19:46:46: [2m7:46:46 pm[22m [36m[1m[vite][22m[39m [32mvite.config.ts changed, restarting server...[39m
2026-04-27T19:46:46: [2m7:46:46 pm[22m [36m[1m[vite][22m[39m server restarted.
2026-04-27T19:46:46: 
2026-04-27T19:46:46:   [32m➜[39m  [1mLocal[22m:   [36mhttp://localhost:[1m5173[22m/[39m
2026-04-27T19:46:46:   [32m➜[39m  [1mNetwork[22m: [36mhttp://192.168.1.8:[1m5173[22m/[39m
2026-04-27T19:50:33: [2m7:50:33 pm[22m [36m[1m[vite][22m[39m [90m[2m(client)[22m[39m [32mpage reload [39m[2msrc/main.js[22m
2026-04-27T20:03:59: [2m8:03:59 pm[22m [36m[1m[vite][22m[39m [90m[2m(client)[22m[39m [32mpage reload [39m[2msrc/main.js[22m
2026-04-27T20:08:00: 
2026-04-27T20:08:00:   [32m[1mVITE[22m v6.4.1[39m  [2mready in [0m[1m1402[22m[2m[0m ms[22m
2026-04-27T20:08:00: 
2026-04-27T20:08:00:   [32m➜[39m  [1mLocal[22m:   [36mhttp://localhost:[1m5173[22m/[39m
2026-04-27T20:08:00:   [32m➜[39m  [1mNetwork[22m: [36mhttp://192.168.1.8:[1m5173[22m/[39m
2026-04-30T19:30:27: 
2026-04-30T19:30:27:   [32m[1mVITE[22m v6.4.1[39m  [2mready in [0m[1m1723[22m[2m[0m ms[22m
2026-04-30T19:30:27: 
2026-04-30T19:30:27:   [32m➜[39m  [1mLocal[22m:   [36mhttp://localhost:[1m5173[22m/[39m
2026-04-30T19:30:27:   [32m➜[39m  [1mNetwork[22m: [36mhttp://10.156.161.249:[1m5173[22m/[39m
2026-04-30T19:34:08: 
2026-04-30T19:34:08:   [32m[1mVITE[22m v6.4.1[39m  [2mready in [0m[1m1504[22m[2m[0m ms[22m
2026-04-30T19:34:08: 
2026-04-30T19:34:08:   [32m➜[39m  [1mLocal[22m:   [36mhttp://localhost:[1m5173[22m/[39m
2026-04-30T19:34:08:   [32m➜[39m  [1mNetwork[22m: [36mhttp://10.156.161.249:[1m5173[22m/[39m
2026-04-30T19:36:06: 
2026-04-30T19:36:06:   [32m[1mVITE[22m v6.4.1[39m  [2mready in [0m[1m1504[22m[2m[0m ms[22m
2026-04-30T19:36:06: 
2026-04-30T19:36:06:   [32m➜[39m  [1mLocal[22m:   [36mhttp://localhost:[1m5173[22m/[39m
2026-04-30T19:36:06:   [32m➜[39m  [1mNetwork[22m: [36mhttp://10.156.161.249:[1m5173[22m/[39m
2026-04-30T19:37:37: 
2026-04-30T19:37:37:   [32m[1mVITE[22m v6.4.1[39m  [2mready in [0m[1m1457[22m[2m[0m ms[22m
2026-04-30T19:37:37: 
2026-04-30T19:37:37:   [32m➜[39m  [1mLocal[22m:   [36mhttp://localhost:[1m5173[22m/[39m
2026-04-30T19:37:37:   [32m➜[39m  [1mNetwork[22m: [36mhttp://10.156.161.249:[1m5173[22m/[39m
2026-05-02T13:11:50: 
2026-05-02T13:11:50:   [32m[1mVITE[22m v6.4.1[39m  [2mready in [0m[1m28412[22m[2m[0m ms[22m
2026-05-02T13:11:50: 
2026-05-02T13:11:50:   [32m➜[39m  [1mLocal[22m:   [36mhttp://localhost:[1m5173[22m/[39m
2026-05-02T13:11:50:   [32m➜[39m  [1mNetwork[22m: [36mhttp://10.156.161.249:[1m5173[22m/[39m
2026-05-02T13:13:32: 
2026-05-02T13:13:32:   [32m[1mVITE[22m v6.4.1[39m  [2mready in [0m[1m1567[22m[2m[0m ms[22m
2026-05-02T13:13:32: 
2026-05-02T13:13:32:   [32m➜[39m  [1mLocal[22m:   [36mhttp://localhost:[1m5173[22m/[39m
2026-05-02T13:13:32:   [32m➜[39m  [1mNetwork[22m: [36mhttp://10.156.161.249:[1m5173[22m/[39m
2026-05-02T13:14:55: 
2026-05-02T13:14:55:   [32m[1mVITE[22m v6.4.1[39m  [2mready in [0m[1m1930[22m[2m[0m ms[22m
2026-05-02T13:14:55: 
2026-05-02T13:14:55:   [32m➜[39m  [1mLocal[22m:   [36mhttp://localhost:[1m5173[22m/[39m
2026-05-02T13:14:55:   [32m➜[39m  [1mNetwork[22m: [36mhttp://10.156.161.249:[1m5173[22m/[39m
2026-05-02T13:17:13: 
2026-05-02T13:17:13:   [32m[1mVITE[22m v6.4.1[39m  [2mready in [0m[1m1148[22m[2m[0m ms[22m
2026-05-02T13:17:13: 
2026-05-02T13:17:13:   [32m➜[39m  [1mLocal[22m:   [36mhttp://localhost:[1m5173[22m/[39m
2026-05-02T13:17:13:   [32m➜[39m  [1mNetwork[22m: [36mhttp://10.156.161.249:[1m5173[22m/[39m
2026-05-02T13:36:27: 
2026-05-02T13:36:27:   [32m[1mVITE[22m v6.4.1[39m  [2mready in [0m[1m1186[22m[2m[0m ms[22m
2026-05-02T13:36:27: 
2026-05-02T13:36:27:   [32m➜[39m  [1mLocal[22m:   [36mhttp://localhost:[1m5173[22m/[39m
2026-05-02T13:36:27:   [32m➜[39m  [1mNetwork[22m: [36mhttp://10.156.161.249:[1m5173[22m/[39m
2026-05-02T13:38:59: 
2026-05-02T13:38:59:   [32m[1mVITE[22m v6.4.1[39m  [2mready in [0m[1m1090[22m[2m[0m ms[22m
2026-05-02T13:38:59: 
2026-05-02T13:38:59:   [32m➜[39m  [1mLocal[22m:   [36mhttp://localhost:[1m5173[22m/[39m
2026-05-02T13:38:59:   [32m➜[39m  [1mNetwork[22m: [36mhttp://10.156.161.249:[1m5173[22m/[39m
2026-05-02T16:28:15: 
2026-05-02T16:28:15:   [32m[1mVITE[22m v6.4.1[39m  [2mready in [0m[1m10334[22m[2m[0m ms[22m
2026-05-02T16:28:15: 
2026-05-02T16:28:15:   [32m➜[39m  [1mLocal[22m:   [36mhttp://localhost:[1m5173[22m/[39m
2026-05-02T16:28:15:   [32m➜[39m  [1mNetwork[22m: [36mhttp://10.156.161.249:[1m5173[22m/[39m
2026-05-02T21:17:27: 
2026-05-02T21:17:27:   [32m[1mVITE[22m v6.4.1[39m  [2mready in [0m[1m1220[22m[2m[0m ms[22m
2026-05-02T21:17:27: 
2026-05-02T21:17:27:   [32m➜[39m  [1mLocal[22m:   [36mhttp://localhost:[1m5173[22m/[39m
2026-05-02T21:17:27:   [32m➜[39m  [1mNetwork[22m: [36mhttp://192.168.1.7:[1m5173[22m/[39m
2026-05-02T23:16:37: 
2026-05-02T23:16:37:   [32m[1mVITE[22m v6.4.1[39m  [2mready in [0m[1m2020[22m[2m[0m ms[22m
2026-05-02T23:16:37: 
2026-05-02T23:16:37:   [32m➜[39m  [1mLocal[22m:   [36mhttp://localhost:[1m5173[22m/[39m
2026-05-02T23:16:37:   [32m➜[39m  [1mNetwork[22m: [36mhttp://192.168.1.7:[1m5173[22m/[39m
2026-05-02T23:52:11: 
2026-05-02T23:52:11:   [32m[1mVITE[22m v6.4.1[39m  [2mready in [0m[1m3364[22m[2m[0m ms[22m
2026-05-02T23:52:11: 
2026-05-02T23:52:11:   [32m➜[39m  [1mLocal[22m:   [36mhttp://localhost:[1m5173[22m/[39m
2026-05-02T23:52:11:   [32m➜[39m  [1mNetwork[22m: [36mhttp://192.168.1.7:[1m5173[22m/[39m
2026-05-03T14:06:51: Port 5173 is in use, trying another one...
2026-05-03T14:06:51: 
2026-05-03T14:06:51:   [32m[1mVITE[22m v6.4.1[39m  [2mready in [0m[1m1745[22m[2m[0m ms[22m
2026-05-03T14:06:51: 
2026-05-03T14:06:51:   [32m➜[39m  [1mLocal[22m:   [36mhttp://localhost:[1m5174[22m/[39m
2026-05-03T14:06:51:   [32m➜[39m  [1mNetwork[22m: [36mhttp://192.168.1.7:[1m5174[22m/[39m
2026-05-03T14:37:51: Port 5173 is in use, trying another one...
2026-05-03T14:37:51: 
2026-05-03T14:37:51:   [32m[1mVITE[22m v6.4.1[39m  [2mready in [0m[1m753[22m[2m[0m ms[22m
2026-05-03T14:37:51: 
2026-05-03T14:37:51:   [32m➜[39m  [1mLocal[22m:   [36mhttp://localhost:[1m5174[22m/[39m
2026-05-03T14:37:51:   [32m➜[39m  [1mNetwork[22m: [36mhttp://192.168.1.7:[1m5174[22m/[39m
2026-05-03T14:46:05: Port 5173 is in use, trying another one...
2026-05-03T14:46:05: 
2026-05-03T14:46:05:   [32m[1mVITE[22m v6.4.1[39m  [2mready in [0m[1m578[22m[2m[0m ms[22m
2026-05-03T14:46:05: 
2026-05-03T14:46:05:   [32m➜[39m  [1mLocal[22m:   [36mhttp://localhost:[1m5174[22m/[39m
2026-05-03T14:46:05:   [32m➜[39m  [1mNetwork[22m: [36mhttp://192.168.1.7:[1m5174[22m/[39m
2026-05-11T00:05:47: Port 5173 is in use, trying another one...
2026-05-11T00:05:47: 
2026-05-11T00:05:47:   [32m[1mVITE[22m v6.4.1[39m  [2mready in [0m[1m3413[22m[2m[0m ms[22m
2026-05-11T00:05:47: 
2026-05-11T00:05:47:   [32m➜[39m  [1mLocal[22m:   [36mhttp://localhost:[1m5174[22m/[39m
2026-05-11T00:05:47:   [32m➜[39m  [1mNetwork[22m: [36mhttp://192.168.1.6:[1m5174[22m/[39m
2026-05-11T12:56:37: Port 5173 is in use, trying another one...
2026-05-11T12:56:37: Port 5174 is in use, trying another one...
2026-05-11T12:56:37: 
2026-05-11T12:56:37:   [32m[1mVITE[22m v6.4.1[39m  [2mready in [0m[1m1584[22m[2m[0m ms[22m
2026-05-11T12:56:37: 
2026-05-11T12:56:37:   [32m➜[39m  [1mLocal[22m:   [36mhttp://localhost:[1m5175[22m/[39m
2026-05-11T12:56:37:   [32m➜[39m  [1mNetwork[22m: [36mhttp://192.168.1.6:[1m5175[22m/[39m
2026-05-11T22:13:11: Port 5173 is in use, trying another one...
2026-05-11T22:13:11: 
2026-05-11T22:13:11:   [32m[1mVITE[22m v6.4.1[39m  [2mready in [0m[1m1286[22m[2m[0m ms[22m
2026-05-11T22:13:11: 
2026-05-11T22:13:11:   [32m➜[39m  [1mLocal[22m:   [36mhttp://localhost:[1m5174[22m/[39m
2026-05-12T22:20:15: Port 5173 is in use, trying another one...
2026-05-12T22:20:15: 
2026-05-12T22:20:15:   [32m[1mVITE[22m v6.4.1[39m  [2mready in [0m[1m1848[22m[2m[0m ms[22m
2026-05-12T22:20:15: 
2026-05-12T22:20:15:   [32m➜[39m  [1mLocal[22m:   [36mhttp://localhost:[1m5174[22m/[39m
2026-05-12T22:20:15:   [32m➜[39m  [1mNetwork[22m: [36mhttp://192.168.1.6:[1m5174[22m/[39m
2026-05-13T12:33:09: 
2026-05-13T12:33:09:   [32m[1mVITE[22m v6.4.1[39m  [2mready in [0m[1m5845[22m[2m[0m ms[22m
2026-05-13T12:33:09: 
2026-05-13T12:33:09:   [32m➜[39m  [1mLocal[22m:   [36mhttp://localhost:[1m5173[22m/[39m
2026-05-13T12:33:09:   [32m➜[39m  [1mNetwork[22m: [36mhttp://192.168.1.6:[1m5173[22m/[39m
2026-05-13T13:10:02: 
2026-05-13T13:10:02:   [32m[1mVITE[22m v6.4.1[39m  [2mready in [0m[1m2064[22m[2m[0m ms[22m
2026-05-13T13:10:02: 
2026-05-13T13:10:02:   [32m➜[39m  [1mLocal[22m:   [36mhttp://localhost:[1m5173[22m/[39m
2026-05-13T13:10:02:   [32m➜[39m  [1mNetwork[22m: [36mhttp://192.168.1.6:[1m5173[22m/[39m
2026-05-13T14:05:26: 
2026-05-13T14:05:26:   [32m[1mVITE[22m v6.4.1[39m  [2mready in [0m[1m4088[22m[2m[0m ms[22m
2026-05-13T14:05:26: 
2026-05-13T14:05:26:   [32m➜[39m  [1mLocal[22m:   [36mhttp://localhost:[1m5173[22m/[39m
2026-05-13T14:05:26:   [32m➜[39m  [1mNetwork[22m: [36mhttp://10.159.124.249:[1m5173[22m/[39m
2026-05-13T14:46:56: [2m2:46:56 pm[22m [36m[1m[vite][22m[39m [90m[2m(client)[22m[39m [32mpage reload [39m[2msrc/main.js[22m
2026-05-13T14:46:56: [2m2:46:56 pm[22m [36m[1m[vite][22m[39m [90m[2m(client)[22m[39m [32mpage reload [39m[2msrc/main.js[22m
2026-05-13T14:58:41: 
2026-05-13T14:58:41:   [32m[1mVITE[22m v6.4.1[39m  [2mready in [0m[1m3485[22m[2m[0m ms[22m
2026-05-13T14:58:41: 
2026-05-13T14:58:41:   [32m➜[39m  [1mLocal[22m:   [36mhttp://localhost:[1m5173[22m/[39m
2026-05-13T14:58:41:   [32m➜[39m  [1mNetwork[22m: [36mhttp://192.168.1.6:[1m5173[22m/[39m
2026-05-14T20:57:12: 
2026-05-14T20:57:12:   [32m[1mVITE[22m v6.4.1[39m  [2mready in [0m[1m4990[22m[2m[0m ms[22m
2026-05-14T20:57:12: 
2026-05-14T20:57:12:   [32m➜[39m  [1mLocal[22m:   [36mhttp://localhost:[1m5173[22m/[39m
2026-05-14T20:57:12:   [32m➜[39m  [1mNetwork[22m: [36mhttp://192.168.1.6:[1m5173[22m/[39m
2026-05-16T09:28:40: 
2026-05-16T09:28:40:   [32m[1mVITE[22m v6.4.1[39m  [2mready in [0m[1m2776[22m[2m[0m ms[22m
2026-05-16T09:28:40: 
2026-05-16T09:28:40:   [32m➜[39m  [1mLocal[22m:   [36mhttp://localhost:[1m5173[22m/[39m
2026-05-16T09:28:40:   [32m➜[39m  [1mNetwork[22m: [36mhttp://192.168.1.6:[1m5173[22m/[39m
2026-05-17T01:23:53: 
2026-05-17T01:23:53:   [32m[1mVITE[22m v6.4.1[39m  [2mready in [0m[1m1681[22m[2m[0m ms[22m
2026-05-17T01:23:53: 
2026-05-17T01:23:53:   [32m➜[39m  [1mLocal[22m:   [36mhttp://localhost:[1m5173[22m/[39m
2026-05-17T01:23:53:   [32m➜[39m  [1mNetwork[22m: [36mhttp://192.168.1.6:[1m5173[22m/[39m
2026-05-17T12:20:30: 
2026-05-17T12:20:30:   [32m[1mVITE[22m v6.4.1[39m  [2mready in [0m[1m4219[22m[2m[0m ms[22m
2026-05-17T12:20:30: 
2026-05-17T12:20:30:   [32m➜[39m  [1mLocal[22m:   [36mhttp://localhost:[1m5173[22m/[39m
2026-05-17T12:20:30:   [32m➜[39m  [1mNetwork[22m: [36mhttp://192.168.1.6:[1m5173[22m/[39m
2026-05-18T09:22:53: 
2026-05-18T09:22:53:   VITE v6.4.1  ready in 1563 ms
2026-05-18T09:22:53: 
2026-05-18T09:22:53:   ➜  Local:   http://localhost:5173/
2026-05-18T09:22:53:   ➜  Network: http://192.168.1.6:5173/
2026-05-18T18:56:54: 
2026-05-18T18:56:54:   [32m[1mVITE[22m v6.4.1[39m  [2mready in [0m[1m2563[22m[2m[0m ms[22m
2026-05-18T18:56:54: 
2026-05-18T18:56:54:   [32m➜[39m  [1mLocal[22m:   [36mhttp://localhost:[1m5173[22m/[39m
2026-05-18T18:56:54:   [32m➜[39m  [1mNetwork[22m: [36mhttp://192.168.1.6:[1m5173[22m/[39m
2026-05-19T06:02:27: 
2026-05-19T06:02:27:   [32m[1mVITE[22m v6.4.1[39m  [2mready in [0m[1m4394[22m[2m[0m ms[22m
2026-05-19T06:02:27: 
2026-05-19T06:02:27:   [32m➜[39m  [1mLocal[22m:   [36mhttp://localhost:[1m5173[22m/[39m
2026-05-19T06:02:27:   [32m➜[39m  [1mNetwork[22m: [36mhttp://192.168.1.6:[1m5173[22m/[39m
2026-05-19T13:30:02: 
2026-05-19T13:30:02:   [32m[1mVITE[22m v6.4.1[39m  [2mready in [0m[1m10130[22m[2m[0m ms[22m
2026-05-19T13:30:02: 
2026-05-19T13:30:02:   [32m➜[39m  [1mLocal[22m:   [36mhttp://localhost:[1m5173[22m/[39m
2026-05-19T13:30:02:   [32m➜[39m  [1mNetwork[22m: [36mhttp://192.168.1.6:[1m5173[22m/[39m
2026-05-20T09:25:54: 
2026-05-20T09:25:54:   VITE v6.4.1  ready in 4046 ms
2026-05-20T09:25:54: 
2026-05-20T09:25:54:   ➜  Local:   http://localhost:5173/
2026-05-20T09:25:54:   ➜  Network: http://192.168.1.6:5173/
2026-05-22T14:07:22: 
2026-05-22T14:07:22:   VITE v6.4.1  ready in 1617 ms
2026-05-22T14:07:22: 
2026-05-22T14:07:22:   ➜  Local:   http://localhost:5173/
2026-05-22T14:07:22:   ➜  Network: http://192.168.1.6:5173/
